// Jest Snapshot v1, https://goo.gl/fbAQLP

exports[`decompress should decompress data 1`] = `
Object {
  "first": 1,
  "fourteen": Array [
    Object {
      "fifteen": 0,
    },
  ],
  "second": 0,
  "seventh": Object {
    "eighth": "test",
    "eleventh": Array [],
    "tenth": Object {},
  },
  "sixth": null,
  "third": Array [
    Object {
      "fifth": "",
      "fourth": 4,
    },
    Object {
      "fifth": false,
      "fourth": true,
    },
  ],
  "twelve": Object {
    "thirteen": false,
  },
}
`;
